// Jest Snapshot v1, https://jestjs.io/docs/snapshot-testing

exports[`should render favorite empty 1`] = `
.emotion-1 {
  all: unset;
  box-sizing: border-box;
  display: -webkit-inline-box;
  display: -webkit-inline-flex;
  display: -ms-inline-flexbox;
  display: inline-flex;
  -webkit-align-items: center;
  -webkit-box-align: center;
  -ms-flex-align: center;
  align-items: center;
  padding: var(--echoes-dimension-space-0) var(--button-padding);
  height: var(--button-height);
  min-height: var(--button-height);
  overflow: hidden;
  font: var(--echoes-typography-others-label);
  color: var(--button-color);
  -webkit-text-decoration: none;
  text-decoration: none;
  background-color: var(--button-background);
  border: var(--button-border);
  border-radius: var(--echoes-border-radius-400);
  outline: none;
  cursor: pointer;
  -webkit-box-pack: center;
  -ms-flex-pack: center;
  -webkit-justify-content: center;
  justify-content: center;
  width: var(--button-width);
  --button-color: var(--echoes-color-text-accent);
  --button-border: none;
  --button-background: var(--echoes-color-background-ghost-accent-default);
  --button-background-hover: var(--echoes-color-background-ghost-accent-hover);
  --button-background-active: var(--echoes-color-background-ghost-accent-active);
  --button-background-focus: var(--echoes-color-background-ghost-accent-focus);
  --button-background-disabled: var(--echoes-color-background-ghost-accent-default);
  --button-padding: var(--echoes-dimension-space-0);
  --button-height: var(--echoes-sizes-buttons-medium);
  --button-width: var(--echoes-sizes-buttons-medium);
  color: var(--echoes-color-background-favourite-default);
}

.emotion-1:focus,
.emotion-1:focus-visible {
  background-color: var(--button-background-focus);
}

.emotion-1:focus-visible {
  outline: var(--echoes-color-focus-default) solid var(--echoes-focus-border-width-default);
  outline-offset: var(--echoes-focus-border-offset-default);
}

.emotion-1:hover {
  background-color: var(--button-background-hover);
}

.emotion-1:active {
  background-color: var(--button-background-active);
}

.emotion-1:disabled,
.emotion-1:disabled:has(:hover, :active, :focus, :focus-visible) {
  color: var(--echoes-color-text-disabled);
  background-color: var(--button-background-disabled);
  border: none;
  cursor: not-allowed;
  pointer-events: none;
  -webkit-user-select: none;
  -moz-user-select: none;
  -ms-user-select: none;
  user-select: none;
}

.emotion-1:hover {
  color: var(--echoes-color-background-favourite-hover);
}

.emotion-3 {
  -moz-osx-font-smoothing: grayscale;
  -webkit-font-smoothing: antialiased;
  display: inline-block;
  font-size: calc(1em + 4px);
  font-style: normal;
  font-weight: normal;
  height: calc(2em - 16px);
  line-height: calc(2em - 16px);
  text-align: center;
  vertical-align: bottom;
  width: calc(2em - 16px);
  font-variation-settings: 'FILL' 1;
  font-family: 'Material Symbols Rounded';
}

<div>
  <button
    aria-label="label-info"
    class="it__favorite-link it__is-filled emotion-0 emotion-1 emotion-2"
    data-state="closed"
    type="button"
  >
    <span
      aria-hidden="true"
      class="emotion-3 emotion-4"
    >
      
    </span>
  </button>
  <section
    aria-atomic="false"
    aria-label="toasts.keyboard_shortcut_aria_label alt+T"
    aria-live="polite"
    aria-relevant="additions text"
    tabindex="-1"
  />
</div>
`;

exports[`should render favorite filled 1`] = `
.emotion-1 {
  all: unset;
  box-sizing: border-box;
  display: -webkit-inline-box;
  display: -webkit-inline-flex;
  display: -ms-inline-flexbox;
  display: inline-flex;
  -webkit-align-items: center;
  -webkit-box-align: center;
  -ms-flex-align: center;
  align-items: center;
  padding: var(--echoes-dimension-space-0) var(--button-padding);
  height: var(--button-height);
  min-height: var(--button-height);
  overflow: hidden;
  font: var(--echoes-typography-others-label);
  color: var(--button-color);
  -webkit-text-decoration: none;
  text-decoration: none;
  background-color: var(--button-background);
  border: var(--button-border);
  border-radius: var(--echoes-border-radius-400);
  outline: none;
  cursor: pointer;
  -webkit-box-pack: center;
  -ms-flex-pack: center;
  -webkit-justify-content: center;
  justify-content: center;
  width: var(--button-width);
  --button-color: var(--echoes-color-text-accent);
  --button-border: none;
  --button-background: var(--echoes-color-background-ghost-accent-default);
  --button-background-hover: var(--echoes-color-background-ghost-accent-hover);
  --button-background-active: var(--echoes-color-background-ghost-accent-active);
  --button-background-focus: var(--echoes-color-background-ghost-accent-focus);
  --button-background-disabled: var(--echoes-color-background-ghost-accent-default);
  --button-padding: var(--echoes-dimension-space-0);
  --button-height: var(--echoes-sizes-buttons-medium);
  --button-width: var(--echoes-sizes-buttons-medium);
  color: var(--echoes-color-background-favourite-default);
}

.emotion-1:focus,
.emotion-1:focus-visible {
  background-color: var(--button-background-focus);
}

.emotion-1:focus-visible {
  outline: var(--echoes-color-focus-default) solid var(--echoes-focus-border-width-default);
  outline-offset: var(--echoes-focus-border-offset-default);
}

.emotion-1:hover {
  background-color: var(--button-background-hover);
}

.emotion-1:active {
  background-color: var(--button-background-active);
}

.emotion-1:disabled,
.emotion-1:disabled:has(:hover, :active, :focus, :focus-visible) {
  color: var(--echoes-color-text-disabled);
  background-color: var(--button-background-disabled);
  border: none;
  cursor: not-allowed;
  pointer-events: none;
  -webkit-user-select: none;
  -moz-user-select: none;
  -ms-user-select: none;
  user-select: none;
}

.emotion-1:hover {
  color: var(--echoes-color-background-favourite-hover);
}

.emotion-3 {
  -moz-osx-font-smoothing: grayscale;
  -webkit-font-smoothing: antialiased;
  display: inline-block;
  font-size: calc(1em + 4px);
  font-style: normal;
  font-weight: normal;
  height: calc(2em - 16px);
  line-height: calc(2em - 16px);
  text-align: center;
  vertical-align: bottom;
  width: calc(2em - 16px);
  font-variation-settings: 'FILL' 1;
  font-family: 'Material Symbols Rounded';
}

<div>
  <button
    aria-label="label-info"
    class="it__favorite-link it__is-filled emotion-0 emotion-1 emotion-2"
    data-state="closed"
    type="button"
  >
    <span
      aria-hidden="true"
      class="emotion-3 emotion-4"
    >
      
    </span>
  </button>
  <section
    aria-atomic="false"
    aria-label="toasts.keyboard_shortcut_aria_label alt+T"
    aria-live="polite"
    aria-relevant="additions text"
    tabindex="-1"
  />
</div>
`;
